{"data":"(1:1): Language not supported: no-such","media":{"encoding":"utf-8","type":"text/vnd.cucumber.stacktrace+plain"},"source":{"start":{"line":1,"column":1},"uri":"#language:no-such\n\nFeature: Minimal\n\n  Scenario: minimalistic\n    Given the minimalism\n"},"type":"attachment"}

