{"data":"(1:1): expected: #EOF, #Language, #TagLine, #FeatureLine, #Comment, #Empty, got 'not gherkin'","media":{"encoding":"utf-8","type":"text/x.cucumber.stacktrace+plain"},"source":{"start":{"line":1,"column":1},"uri":"not gherkin\n\n"},"type":"attachment"}

