{"data":"(2:1): expected: #EOF, #Language, #TagLine, #FeatureLine, #Comment, #Empty, got 'invalid line here'","media":{"encoding":"utf-8","type":"text/vnd.cucumber.stacktrace+plain"},"source":{"start":{"line":2,"column":1},"uri":"\ninvalid line here\n\nFeature: Single parser error\n\n  Scenario: minimalistic\n    Given the minimalism\n"},"type":"attachment"}

