{"type":"gherkin-document","uri":"test/testdata/good/background.feature","document":{"type":"GherkinDocument","feature":{"type":"Feature","tags":[],"location":{"line":1,"column":1},"language":"en","keyword":"Feature","name":"Background","children":[{"type":"Background","location":{"line":3,"column":3},"keyword":"Background","name":"a simple background","steps":[{"type":"Step","location":{"line":4,"column":5},"keyword":"Given ","text":"the minimalism inside a background"}]},{"type":"Scenario","tags":[],"location":{"line":7,"column":3},"keyword":"Scenario","name":"minimalistic","steps":[{"type":"Step","location":{"line":8,"column":5},"keyword":"Given ","text":"the minimalism"}]}]}
,"comments":[]}}


{"type":"pickle","uri":"test/testdata/good/background.feature","pickle":{"language" : "en","name" : "minimalistic","locations":[{"line":7,"column":3}],"tags":[],"steps":[{"locations":[{"line":4,"column":11}],"arguments" : [],"text":"the minimalism inside a background"},{"locations":[{"line":8,"column":11}],"arguments" : [],"text":"the minimalism"}]}}

