{"type":"pickle","uri":"test/testdata/good/datatables.feature","pickle":{"language" : "en","name" : "minimalistic","locations":[{"line":3,"column":3}],"tags":[],"steps":[{"locations":[{"line":4,"column":11}],"arguments" : [{"rows":[{"cells":[{"location": {"line":5,"column":9},"value": "foo"},{"location": {"line":5,"column":15},"value": "bar"}]},{"cells":[{"location": {"line":6,"column":9},"value": "boz"},{"location": {"line":6,"column":15},"value": "boo"}]}]}],"text":"a simple data table"},{"locations":[{"line":7,"column":9}],"arguments" : [{"rows":[{"cells":[{"location": {"line":8,"column":9},"value": "foo"}]}]}],"text":"a data table with a single cell"},{"locations":[{"line":9,"column":9}],"arguments" : [{"rows":[{"cells":[{"location": {"line":10,"column":11},"value": "foo"},{"location": {"line":10,"column":15},"value": "bar"},{"location": {"line":10,"column":23},"value": "boz"}]}]}],"text":"a data table with different fromatting"},{"locations":[{"line":11,"column":9}],"arguments" : [{"rows":[{"cells":[{"location": {"line":12,"column":8},"value": "foo"},{"location": {"line":12,"column":12},"value": ""},{"location": {"line":12,"column":13},"value": "boz"}]}]}],"text":"a data table with an empty cell"},{"locations":[{"line":13,"column":9}],"arguments" : [{"rows":[{"cells":[{"location": {"line":14,"column":9},"value": "foo"},{"location": {"line":14,"column":15},"value": "bar"}]},{"cells":[{"location": {"line":16,"column":9},"value": "boz"},{"location": {"line":16,"column":16},"value": "boo"}]},{"cells":[{"location": {"line":18,"column":9},"value": "boz2"},{"location": {"line":18,"column":16},"value": "boo2"}]}]}],"text":"a data table with comments and newlines inside"}]}}

