{"type":"gherkin-document","uri":"test/testdata/good/descriptions.feature","document":{"type":"GherkinDocument","feature":{"type":"Feature","tags":[],"location":{"line":1,"column":1},"language":"en","keyword":"Feature","name":"Descriptions everywhere","description":"  This is a single line description","children":[{"type":"Scenario","tags":[],"location":{"line":4,"column":3},"keyword":"Scenario","name":"two lines","description":"  This description\n  has two lines and indented with two spaces","steps":[{"type":"Step","location":{"line":7,"column":5},"keyword":"Given ","text":"the minimalism"}]},{"type":"Scenario","tags":[],"location":{"line":9,"column":1},"keyword":"Scenario","name":"without indentation","description":"This is a description without indentation","steps":[{"type":"Step","location":{"line":11,"column":3},"keyword":"Given ","text":"the minimalism"}]},{"type":"Scenario","tags":[],"location":{"line":13,"column":3},"keyword":"Scenario","name":"empty lines in the middle","description":"  This description\n\n  has an empty line in the middle","steps":[{"type":"Step","location":{"line":17,"column":5},"keyword":"Given ","text":"the minimalism"}]},{"type":"Scenario","tags":[],"location":{"line":19,"column":3},"keyword":"Scenario","name":"empty lines around","description":"  This description\n  has an empty lines around","steps":[{"type":"Step","location":{"line":24,"column":5},"keyword":"Given ","text":"the minimalism"}]},{"type":"Scenario","tags":[],"location":{"line":26,"column":3},"keyword":"Scenario","name":"comment after description","description":"  This description\n  has a comment after","steps":[{"type":"Step","location":{"line":31,"column":5},"keyword":"Given ","text":"the minimalism"}]},{"type":"Scenario","tags":[],"location":{"line":33,"column":3},"keyword":"Scenario","name":"comment right after description","description":"  This description\n  has a comment right after","steps":[{"type":"Step","location":{"line":38,"column":5},"keyword":"Given ","text":"the minimalism"}]},{"type":"Scenario","tags":[],"location":{"line":40,"column":3},"keyword":"Scenario","name":"description with escaped docstring separator","description":"  This description has an \\\"\\\"\\\" (escaped docstring sparator)","steps":[{"type":"Step","location":{"line":43,"column":5},"keyword":"Given ","text":"the minimalism"}]},{"type":"ScenarioOutline","tags":[],"location":{"line":45,"column":3},"keyword":"Scenario Outline","name":"scenario outline with a description","description":"This is a scenario outline description","steps":[{"type":"Step","location":{"line":47,"column":5},"keyword":"Given ","text":"the minimalism"}],"examples":[{"type":"Examples","location":{"line":49,"column":3},"description":"This is an examples description","keyword":"Examples","name":"examples with description","tags":[],"tableHeader":{"type":"TableRow","location":{"line":51,"column":5},"cells":[{"type":"TableCell","location":{"line":51,"column":7},"value":"foo"}]},"tableBody":[{"type":"TableRow","location":{"line":52,"column":5},"cells":[{"type":"TableCell","location":{"line":52,"column":7},"value":"bar"}]}]}]}]}
,"comments":[{"type":"Comment","location":{"line":30,"column":1},"text":"# this is a comment"},{"type":"Comment","location":{"line":36,"column":1},"text":"    #  this is another comment"}]}}


{"type":"pickle","uri":"test/testdata/good/descriptions.feature","pickle":{"language" : "en","name" : "two lines","locations":[{"line":4,"column":3}],"tags":[],"steps":[{"locations":[{"line":7,"column":11}],"arguments" : [],"text":"the minimalism"}]}}

{"type":"pickle","uri":"test/testdata/good/descriptions.feature","pickle":{"language" : "en","name" : "without indentation","locations":[{"line":9,"column":1}],"tags":[],"steps":[{"locations":[{"line":11,"column":9}],"arguments" : [],"text":"the minimalism"}]}}

{"type":"pickle","uri":"test/testdata/good/descriptions.feature","pickle":{"language" : "en","name" : "empty lines in the middle","locations":[{"line":13,"column":3}],"tags":[],"steps":[{"locations":[{"line":17,"column":11}],"arguments" : [],"text":"the minimalism"}]}}

{"type":"pickle","uri":"test/testdata/good/descriptions.feature","pickle":{"language" : "en","name" : "empty lines around","locations":[{"line":19,"column":3}],"tags":[],"steps":[{"locations":[{"line":24,"column":11}],"arguments" : [],"text":"the minimalism"}]}}

{"type":"pickle","uri":"test/testdata/good/descriptions.feature","pickle":{"language" : "en","name" : "comment after description","locations":[{"line":26,"column":3}],"tags":[],"steps":[{"locations":[{"line":31,"column":11}],"arguments" : [],"text":"the minimalism"}]}}

{"type":"pickle","uri":"test/testdata/good/descriptions.feature","pickle":{"language" : "en","name" : "comment right after description","locations":[{"line":33,"column":3}],"tags":[],"steps":[{"locations":[{"line":38,"column":11}],"arguments" : [],"text":"the minimalism"}]}}

{"type":"pickle","uri":"test/testdata/good/descriptions.feature","pickle":{"language" : "en","name" : "description with escaped docstring separator","locations":[{"line":40,"column":3}],"tags":[],"steps":[{"locations":[{"line":43,"column":11}],"arguments" : [],"text":"the minimalism"}]}}

{"type":"pickle","uri":"test/testdata/good/descriptions.feature","pickle":{"language" : "en","name" : "scenario outline with a description","locations":[{"line":52,"column":5},{"line":45,"column":3}],"tags":[],"steps":[{"locations":[{"line":52,"column":5},{"line":47,"column":11}],"arguments" : [],"text":"the minimalism"}]}}

