{"type":"pickle","uri":"test/testdata/good/docstrings.feature","pickle":{"language" : "en","name" : "minimalistic","locations":[{"line":3,"column":3}],"tags":[],"steps":[{"locations":[{"line":4,"column":11}],"arguments" : [{"location": {"line":5,"column":7},"content":"first line (no indent)\n  second line (indented with two spaces)\n\nthird line was empty"}],"text":"a simple DocString"},{"locations":[{"line":11,"column":11}],"arguments" : [{"location": {"line":12,"column":7},"content":"<foo>\n  <bar />\n</foo>"}],"text":"a DocString with content type"},{"locations":[{"line":17,"column":9}],"arguments" : [{"location": {"line":18,"column":7},"content":"wrongly indented line"}],"text":"a DocString with wrong indentation"},{"locations":[{"line":21,"column":9}],"arguments" : [{"location": {"line":22,"column":7},"content":"first line\nsecond line"}],"text":"a DocString with alternative separator"},{"locations":[{"line":26,"column":9}],"arguments" : [{"location": {"line":27,"column":7},"content":"first line\n\"\"\"\nthird line"}],"text":"a DocString with normal separator inside"},{"locations":[{"line":32,"column":9}],"arguments" : [{"location": {"line":33,"column":7},"content":"first line\n```\nthird line"}],"text":"a DocString with alternative separator inside"},{"locations":[{"line":38,"column":9}],"arguments" : [{"location": {"line":39,"column":7},"content":"first line\n\"\"\"\nthird line"}],"text":"a DocString with escaped separator inside"}]}}

