{"type":"gherkin-document","uri":"test/testdata/good/empty.feature","document":{"type":"GherkinDocument","comments":[]}}


