{"type":"pickle","uri":"test/testdata/good/escaped_pipes.feature","pickle":{"language" : "en","name" : "They are the future","locations":[{"line":5,"column":3}],"tags":[],"steps":[{"locations":[{"line":6,"column":11}],"arguments" : [{"rows":[{"cells":[{"location": {"line":7,"column":9},"value": "æ"},{"location": {"line":7,"column":14},"value": "o"}]},{"cells":[{"location": {"line":8,"column":9},"value": "a"},{"location": {"line":8,"column":13},"value": "ø"}]}]}],"text":"they have arrived"},{"locations":[{"line":9,"column":11}],"arguments" : [{"rows":[{"cells":[{"location": {"line":10,"column":9},"value": "|æ\\n"},{"location": {"line":10,"column":23},"value": "\\o\no\\"}]},{"cells":[{"location": {"line":11,"column":9},"value": "\\|a\\\\n"},{"location": {"line":11,"column":22},"value": "ø\\\nø\\"}]}]}],"text":"they have arrived"}]}}

