{"type":"pickle","uri":"test/testdata/good/example_tokens_everywhere.feature","pickle":{"language" : "en","name" : "the un","locations":[{"line":13,"column":7},{"line":3,"column":3}],"tags":[],"steps":[{"locations":[{"line":13,"column":7},{"line":4,"column":11}],"arguments" : [{"location": {"line":5,"column":7},"content":"trois"}],"text":"the deux:"},{"locations":[{"line":13,"column":7},{"line":8,"column":11}],"arguments" : [{"rows":[{"cells":[{"location": {"line":9,"column":9},"value": "cinq"}]}]}],"text":"the quatre:"}]}}

{"type":"pickle","uri":"test/testdata/good/example_tokens_everywhere.feature","pickle":{"language" : "en","name" : "the uno","locations":[{"line":14,"column":7},{"line":3,"column":3}],"tags":[],"steps":[{"locations":[{"line":14,"column":7},{"line":4,"column":11}],"arguments" : [{"location": {"line":5,"column":7},"content":"tres"}],"text":"the dos:"},{"locations":[{"line":14,"column":7},{"line":8,"column":11}],"arguments" : [{"rows":[{"cells":[{"location": {"line":9,"column":9},"value": "cinco"}]}]}],"text":"the quatro:"}]}}

