{"type":"pickle","uri":"test/testdata/good/incomplete_background_2.feature","pickle":{"language" : "en","name" : "still pickles up","locations":[{"line":6,"column":3}],"tags":[],"steps":[{"locations":[{"line":7,"column":7}],"arguments" : [],"text":"a step"}]}}

