{"type":"gherkin-document","uri":"test/testdata/good/incomplete_feature_3.feature","document":{"type":"GherkinDocument","comments":[{"type":"Comment","location":{"line":1,"column":1},"text":"# Just a comment"}]}}


