{"type":"gherkin-document","uri":"test/testdata/good/incomplete_feature_2.feature","document":{"type":"GherkinDocument","feature":{"type":"Feature","tags":[],"location":{"line":1,"column":1},"language":"en","keyword":"Feature","name":"Empty feature","children":[]}
,"comments":[]}}


