{"type":"gherkin-document","uri":"test/testdata/good/incomplete_scenario_outline.feature","document":{"type":"GherkinDocument","feature":{"type":"Feature","tags":[],"location":{"line":1,"column":1},"language":"en","keyword":"Feature","name":"Incomplete scenario outlines","children":[{"type":"Background","location":{"line":3,"column":3},"keyword":"Background","name":"Adding a background won't make a pickle","steps":[{"type":"Step","location":{"line":4,"column":5},"keyword":"* ","text":"a step"}]},{"type":"ScenarioOutline","tags":[],"location":{"line":6,"column":3},"keyword":"Scenario Outline","name":"steps, no examples","steps":[{"type":"Step","location":{"line":7,"column":5},"keyword":"Given ","text":"a step"}],"examples":[]},{"type":"ScenarioOutline","tags":[],"location":{"line":9,"column":3},"keyword":"Scenario Outline","name":"no steps, no examples","steps":[],"examples":[]},{"type":"ScenarioOutline","tags":[],"location":{"line":11,"column":3},"keyword":"Scenario Outline","name":"no steps, no table","steps":[],"examples":[{"type":"Examples","location":{"line":13,"column":5},"keyword":"Examples","name":"","tags":[]}]},{"type":"ScenarioOutline","tags":[],"location":{"line":15,"column":3},"keyword":"Scenario Outline","name":"no steps, only table header","steps":[],"examples":[{"type":"Examples","location":{"line":17,"column":5},"keyword":"Examples","name":"","tags":[],"tableHeader":{"type":"TableRow","location":{"line":18,"column":5},"cells":[{"type":"TableCell","location":{"line":18,"column":7},"value":"what"}]},"tableBody":[]}]},{"type":"ScenarioOutline","tags":[],"location":{"line":20,"column":3},"keyword":"Scenario Outline","name":"no steps, one example header","steps":[],"examples":[{"type":"Examples","location":{"line":22,"column":5},"keyword":"Examples","name":"","tags":[],"tableHeader":{"type":"TableRow","location":{"line":23,"column":5},"cells":[{"type":"TableCell","location":{"line":23,"column":7},"value":"nope"}]},"tableBody":[{"type":"TableRow","location":{"line":24,"column":5},"cells":[{"type":"TableCell","location":{"line":24,"column":7},"value":"nada"}]}]}]}]}
,"comments":[]}}


