{"type":"pickle","uri":"test/testdata/good/language.feature","pickle":{"language" : "en","name" : "minimalistic","locations":[{"line":5,"column":3}],"tags":[],"steps":[{"locations":[{"line":6,"column":11}],"arguments" : [],"text":"the minimalism"}]}}

