{"type":"pickle","uri":"test/testdata/good/scenario_outline_no_newline.feature","pickle":{"language" : "en","name" : "minimalistic","locations":[{"line":8,"column":3},{"line":3,"column":1}],"tags":[],"steps":[{"locations":[{"line":8,"column":3},{"line":4,"column":11}],"arguments" : [],"text":"the minimalism"}]}}

