{"type":"pickle","uri":"test/testdata/good/scenario_outlines_with_tags.feature","pickle":{"language" : "en","name" : "","locations":[{"line":9,"column":7},{"line":4,"column":3}],"tags":[{"location":{"line":1,"column":1},"name":"@a"},{"location":{"line":3,"column":3},"name":"@b"},{"location":{"line":3,"column":6},"name":"@c"}],"steps":[{"locations":[{"line":9,"column":7},{"line":5,"column":11}],"arguments" : [],"text":"y"}]}}

{"type":"pickle","uri":"test/testdata/good/scenario_outlines_with_tags.feature","pickle":{"language" : "en","name" : "","locations":[{"line":18,"column":7},{"line":12,"column":3}],"tags":[{"location":{"line":1,"column":1},"name":"@a"},{"location":{"line":11,"column":3},"name":"@d"},{"location":{"line":11,"column":6},"name":"@e"},{"location":{"line":15,"column":5},"name":"@f"}],"steps":[{"locations":[{"line":18,"column":7},{"line":13,"column":11}],"arguments" : [],"text":"n"}]}}

