{"type":"gherkin-document","uri":"test/testdata/good/spaces_in_language.feature","document":{"type":"GherkinDocument","feature":{"type":"Feature","tags":[],"location":{"line":2,"column":1},"language":"en-lol","keyword":"OH HAI","name":"STUFFING","children":[]}
,"comments":[]}}


