{"type":"gherkin-document","uri":"test/testdata/good/tags.feature","document":{"type":"GherkinDocument","feature":{"type":"Feature","tags":[{"type":"Tag","location":{"line":1,"column":1},"name":"@feature_tag1"},{"type":"Tag","location":{"line":1,"column":15},"name":"@feature_tag2"},{"type":"Tag","location":{"line":2,"column":3},"name":"@feature_tag3"}],"location":{"line":3,"column":1},"language":"en","keyword":"Feature","name":"Minimal Scenario Outline","children":[{"type":"Scenario","tags":[{"type":"Tag","location":{"line":5,"column":1},"name":"@scenario_tag1"},{"type":"Tag","location":{"line":5,"column":16},"name":"@scenario_tag2"},{"type":"Tag","location":{"line":6,"column":3},"name":"@scenario_tag3"}],"location":{"line":7,"column":1},"keyword":"Scenario","name":"minimalistic","steps":[{"type":"Step","location":{"line":8,"column":5},"keyword":"Given ","text":"the minimalism"}]},{"type":"ScenarioOutline","tags":[{"type":"Tag","location":{"line":10,"column":1},"name":"@so_tag1"},{"type":"Tag","location":{"line":10,"column":11},"name":"@so_tag2"},{"type":"Tag","location":{"line":11,"column":3},"name":"@so_tag3"}],"location":{"line":12,"column":1},"keyword":"Scenario Outline","name":"minimalistic outline","steps":[{"type":"Step","location":{"line":13,"column":5},"keyword":"Given ","text":"the <what>"}],"examples":[{"type":"Examples","location":{"line":17,"column":1},"keyword":"Examples","name":"","tags":[{"type":"Tag","location":{"line":15,"column":1},"name":"@ex_tag1"},{"type":"Tag","location":{"line":15,"column":10},"name":"@ex_tag2"},{"type":"Tag","location":{"line":16,"column":3},"name":"@ex_tag3"}],"tableHeader":{"type":"TableRow","location":{"line":18,"column":3},"cells":[{"type":"TableCell","location":{"line":18,"column":5},"value":"what"}]},"tableBody":[{"type":"TableRow","location":{"line":19,"column":3},"cells":[{"type":"TableCell","location":{"line":19,"column":5},"value":"minimalism"}]}]},{"type":"Examples","location":{"line":23,"column":1},"keyword":"Examples","name":"","tags":[{"type":"Tag","location":{"line":21,"column":1},"name":"@ex_tag4"},{"type":"Tag","location":{"line":21,"column":10},"name":"@ex_tag5"},{"type":"Tag","location":{"line":22,"column":3},"name":"@ex_tag6"}],"tableHeader":{"type":"TableRow","location":{"line":24,"column":3},"cells":[{"type":"TableCell","location":{"line":24,"column":5},"value":"what"}]},"tableBody":[{"type":"TableRow","location":{"line":25,"column":3},"cells":[{"type":"TableCell","location":{"line":25,"column":5},"value":"more minimalism"}]}]}]}]}
,"comments":[]}}


{"type":"pickle","uri":"test/testdata/good/tags.feature","pickle":{"language" : "en","name" : "minimalistic","locations":[{"line":7,"column":1}],"tags":[{"location":{"line":1,"column":1},"name":"@feature_tag1"},{"location":{"line":1,"column":15},"name":"@feature_tag2"},{"location":{"line":2,"column":3},"name":"@feature_tag3"},{"location":{"line":5,"column":1},"name":"@scenario_tag1"},{"location":{"line":5,"column":16},"name":"@scenario_tag2"},{"location":{"line":6,"column":3},"name":"@scenario_tag3"}],"steps":[{"locations":[{"line":8,"column":11}],"arguments" : [],"text":"the minimalism"}]}}

{"type":"pickle","uri":"test/testdata/good/tags.feature","pickle":{"language" : "en","name" : "minimalistic outline","locations":[{"line":19,"column":3},{"line":12,"column":1}],"tags":[{"location":{"line":1,"column":1},"name":"@feature_tag1"},{"location":{"line":1,"column":15},"name":"@feature_tag2"},{"location":{"line":2,"column":3},"name":"@feature_tag3"},{"location":{"line":10,"column":1},"name":"@so_tag1"},{"location":{"line":10,"column":11},"name":"@so_tag2"},{"location":{"line":11,"column":3},"name":"@so_tag3"},{"location":{"line":15,"column":1},"name":"@ex_tag1"},{"location":{"line":15,"column":10},"name":"@ex_tag2"},{"location":{"line":16,"column":3},"name":"@ex_tag3"}],"steps":[{"locations":[{"line":19,"column":3},{"line":13,"column":11}],"arguments" : [],"text":"the minimalism"}]}}

{"type":"pickle","uri":"test/testdata/good/tags.feature","pickle":{"language" : "en","name" : "minimalistic outline","locations":[{"line":25,"column":3},{"line":12,"column":1}],"tags":[{"location":{"line":1,"column":1},"name":"@feature_tag1"},{"location":{"line":1,"column":15},"name":"@feature_tag2"},{"location":{"line":2,"column":3},"name":"@feature_tag3"},{"location":{"line":10,"column":1},"name":"@so_tag1"},{"location":{"line":10,"column":11},"name":"@so_tag2"},{"location":{"line":11,"column":3},"name":"@so_tag3"},{"location":{"line":21,"column":1},"name":"@ex_tag4"},{"location":{"line":21,"column":10},"name":"@ex_tag5"},{"location":{"line":22,"column":3},"name":"@ex_tag6"}],"steps":[{"locations":[{"line":25,"column":3},{"line":13,"column":11}],"arguments" : [],"text":"the more minimalism"}]}}

